2026-06-03 10:12:30 [@DESKTOP-IGPSA86]
Interne #1 : Démarrage contract
2026-06-03 10:15:28 [@DESKTOP-IGPSA86]
Interne #1 : Démarrage infocom
2026-06-03 10:21:03 [@DESKTOP-IGPSA86]
Interne #1 : Démarrage mailgate
2026-06-03 10:21:30 [@DESKTOP-IGPSA86]
Interne #1 : Démarrage session
2026-06-03 10:32:25 [@DESKTOP-IGPSA86]
Interne #1 : Démarrage graph
2026-06-03 10:41:16 [@DESKTOP-IGPSA86]
Interne #1 : Démarrage reservation
2026-06-03 10:47:43 [@DESKTOP-IGPSA86]
Interne #1 : Démarrage closeticket
2026-06-03 11:00:31 [@DESKTOP-IGPSA86]
Interne #1 : Démarrage alertnotclosed
2026-06-03 11:22:06 [@DESKTOP-IGPSA86]
Interne #1 : Démarrage slaticket
2026-06-03 11:27:09 [@DESKTOP-IGPSA86]
Interne #1 : Démarrage createinquest
2026-06-03 15:43:33 [@TENDRY-V15]
Interne #1 : Démarrage slaticket
2026-06-03 15:51:33 [@TENDRY-V15]
Interne #1 : Démarrage createinquest
2026-06-03 15:57:58 [@TENDRY-V15]
Interne #1 : Démarrage watcher
