2026-06-03 10:12:25 [@DESKTOP-IGPSA86]
[login] 3: Connexion échouée de  depuis l'IP 127.0.0.1
2026-06-03 10:12:34 [@DESKTOP-IGPSA86]
[login] 3: glpi se connecte depuis l'IP 127.0.0.1
2026-06-03 10:15:32 [@DESKTOP-IGPSA86]
[login] 3: glpi se connecte depuis l'IP 127.0.0.1
2026-06-03 15:40:54 [@TENDRY-V15]
[login] 3: Connexion échouée de  depuis l'IP 127.0.0.1
2026-06-03 15:43:37 [@TENDRY-V15]
[login] 3: glpi se connecte depuis l'IP 127.0.0.1
2026-06-04 07:25:35 [@DESKTOP-IGPSA86]
[login] 3: Connexion échouée de  depuis l'IP 127.0.0.1
2026-06-04 07:25:40 [@DESKTOP-IGPSA86]
[login] 3: glpi se connecte depuis l'IP 127.0.0.1
2026-06-04 10:23:47 [@DESKTOP-IGPSA86]
[login] 3:  se connecte depuis l'IP 127.0.0.1
2026-06-04 10:51:04 [@DESKTOP-IGPSA86]
[login] 3: Connexion échouée de  depuis l'IP ::1
2026-06-04 10:51:32 [@DESKTOP-IGPSA86]
[login] 3: glpi se connecte depuis l'IP ::1
2026-06-04 11:06:30 [@DESKTOP-IGPSA86]
[login] 3:  se connecte depuis l'IP ::1
2026-06-04 11:06:31 [@DESKTOP-IGPSA86]
[login] 3:  se connecte depuis l'IP ::1
2026-06-04 11:09:13 [@DESKTOP-IGPSA86]
[login] 3:  se connecte depuis l'IP ::1
2026-06-04 11:09:13 [@DESKTOP-IGPSA86]
[login] 3:  se connecte depuis l'IP ::1
2026-06-04 11:09:43 [@DESKTOP-IGPSA86]
[login] 3:  se connecte depuis l'IP ::1
2026-06-04 11:09:43 [@DESKTOP-IGPSA86]
[login] 3:  se connecte depuis l'IP ::1
2026-06-04 11:11:03 [@DESKTOP-IGPSA86]
[login] 3:  se connecte depuis l'IP ::1
2026-06-04 11:11:59 [@DESKTOP-IGPSA86]
[login] 3:  se connecte depuis l'IP ::1
2026-06-04 11:12:12 [@DESKTOP-IGPSA86]
[login] 3:  se connecte depuis l'IP ::1
2026-06-04 11:12:12 [@DESKTOP-IGPSA86]
[login] 3:  se connecte depuis l'IP ::1
2026-06-04 11:17:11 [@DESKTOP-IGPSA86]
[login] 3:  se connecte depuis l'IP ::1
2026-06-04 11:17:20 [@DESKTOP-IGPSA86]
[login] 3:  se connecte depuis l'IP ::1
2026-06-04 11:17:20 [@DESKTOP-IGPSA86]
[login] 3:  se connecte depuis l'IP ::1
2026-06-04 11:22:51 [@DESKTOP-IGPSA86]
[login] 3:  se connecte depuis l'IP ::1
2026-06-04 11:22:51 [@DESKTOP-IGPSA86]
[login] 3:  se connecte depuis l'IP ::1
2026-06-04 11:24:20 [@DESKTOP-IGPSA86]
[login] 3:  se connecte depuis l'IP ::1
2026-06-04 11:24:20 [@DESKTOP-IGPSA86]
[login] 3:  se connecte depuis l'IP ::1
2026-06-04 11:24:58 [@DESKTOP-IGPSA86]
[login] 3:  se connecte depuis l'IP ::1
2026-06-04 11:24:58 [@DESKTOP-IGPSA86]
[login] 3:  se connecte depuis l'IP ::1
2026-06-04 11:26:27 [@DESKTOP-IGPSA86]
[login] 3:  se connecte depuis l'IP ::1
2026-06-04 11:26:27 [@DESKTOP-IGPSA86]
[login] 3:  se connecte depuis l'IP ::1
2026-06-04 11:32:27 [@DESKTOP-IGPSA86]
[login] 3:  se connecte depuis l'IP ::1
2026-06-04 11:32:27 [@DESKTOP-IGPSA86]
[login] 3:  se connecte depuis l'IP ::1
2026-06-04 11:32:39 [@DESKTOP-IGPSA86]
[login] 3:  se connecte depuis l'IP ::1
2026-06-04 11:32:39 [@DESKTOP-IGPSA86]
[login] 3:  se connecte depuis l'IP ::1
2026-06-04 11:33:15 [@DESKTOP-IGPSA86]
[login] 3:  se connecte depuis l'IP ::1
2026-06-04 11:33:16 [@DESKTOP-IGPSA86]
[login] 3:  se connecte depuis l'IP ::1
2026-06-04 11:42:41 [@DESKTOP-IGPSA86]
[login] 3:  se connecte depuis l'IP ::1
2026-06-04 11:42:41 [@DESKTOP-IGPSA86]
[login] 3:  se connecte depuis l'IP ::1
2026-06-04 11:44:12 [@DESKTOP-IGPSA86]
[login] 3:  se connecte depuis l'IP ::1
2026-06-04 11:44:12 [@DESKTOP-IGPSA86]
[login] 3:  se connecte depuis l'IP ::1
2026-06-04 11:48:49 [@DESKTOP-IGPSA86]
[login] 3:  se connecte depuis l'IP ::1
2026-06-04 11:48:49 [@DESKTOP-IGPSA86]
[login] 3:  se connecte depuis l'IP ::1
2026-06-04 11:53:00 [@DESKTOP-IGPSA86]
[login] 3:  se connecte depuis l'IP ::1
2026-06-04 11:53:01 [@DESKTOP-IGPSA86]
[login] 3:  se connecte depuis l'IP ::1
2026-06-04 11:54:16 [@DESKTOP-IGPSA86]
[login] 3:  se connecte depuis l'IP ::1
2026-06-04 11:55:02 [@DESKTOP-IGPSA86]
[login] 3:  se connecte depuis l'IP ::1
2026-06-04 12:00:39 [@DESKTOP-IGPSA86]
[login] 3:  se connecte depuis l'IP ::1
2026-06-04 12:00:39 [@DESKTOP-IGPSA86]
[login] 3:  se connecte depuis l'IP ::1
2026-06-04 12:00:55 [@DESKTOP-IGPSA86]
[login] 3:  se connecte depuis l'IP ::1
2026-06-04 12:00:56 [@DESKTOP-IGPSA86]
[login] 3:  se connecte depuis l'IP ::1
2026-06-04 12:01:34 [@DESKTOP-IGPSA86]
[login] 3:  se connecte depuis l'IP ::1
2026-06-04 12:01:34 [@DESKTOP-IGPSA86]
[login] 3:  se connecte depuis l'IP ::1
2026-06-04 12:34:37 [@DESKTOP-IGPSA86]
[login] 3:  se connecte depuis l'IP ::1
2026-06-04 12:35:03 [@DESKTOP-IGPSA86]
[login] 3:  se connecte depuis l'IP ::1
2026-06-04 12:35:03 [@DESKTOP-IGPSA86]
[login] 3:  se connecte depuis l'IP ::1
2026-06-04 12:46:30 [@DESKTOP-IGPSA86]
[login] 3:  se connecte depuis l'IP ::1
2026-06-05 10:12:02 [@DESKTOP-IGPSA86]
[login] 3:  se connecte depuis l'IP ::1
2026-06-05 10:18:21 [@DESKTOP-IGPSA86]
[login] 3: Connexion échouée de post-only depuis l'IP ::1
2026-06-05 10:20:16 [@DESKTOP-IGPSA86]
[login] 3: glpi se connecte depuis l'IP ::1
2026-06-05 10:37:28 [@DESKTOP-IGPSA86]
[login] 3: glpi se connecte depuis l'IP ::1
